Archive member included because of file (symbol)

c:/winavr-20100110/bin/../lib/gcc/avr/4.3.3/avr5\libgcc.a(_exit.o)
                              c:/winavr-20100110/bin/../lib/gcc/avr/4.3.3/../../../../avr/lib/avr5/crtm168.o (exit)
c:/winavr-20100110/bin/../lib/gcc/avr/4.3.3/avr5\libgcc.a(_copy_data.o)
                              main.o (__do_copy_data)
c:/winavr-20100110/bin/../lib/gcc/avr/4.3.3/avr5\libgcc.a(_clear_bss.o)
                              adc.o (__do_clear_bss)
c:/winavr-20100110/bin/../lib/gcc/avr/4.3.3/../../../../avr/lib/avr5\libc.a(iob.o)
                              comms.o (__iob)
c:/winavr-20100110/bin/../lib/gcc/avr/4.3.3/../../../../avr/lib/avr5\libc.a(vprintf.o)
                              comms.o (vprintf)
c:/winavr-20100110/bin/../lib/gcc/avr/4.3.3/../../../../avr/lib/avr5\libc.a(vfprintf_std.o)
                              c:/winavr-20100110/bin/../lib/gcc/avr/4.3.3/../../../../avr/lib/avr5\libc.a(vprintf.o) (vfprintf)
c:/winavr-20100110/bin/../lib/gcc/avr/4.3.3/../../../../avr/lib/avr5\libc.a(eerd_byte_atmega168.o)
                              module.o (__eerd_byte_m168)
c:/winavr-20100110/bin/../lib/gcc/avr/4.3.3/../../../../avr/lib/avr5\libc.a(eewr_byte_atmega168.o)
                              module.o (__eewr_byte_m168)
c:/winavr-20100110/bin/../lib/gcc/avr/4.3.3/../../../../avr/lib/avr5\libc.a(strnlen_P.o)
                              c:/winavr-20100110/bin/../lib/gcc/avr/4.3.3/../../../../avr/lib/avr5\libc.a(vfprintf_std.o) (strnlen_P)
c:/winavr-20100110/bin/../lib/gcc/avr/4.3.3/../../../../avr/lib/avr5\libc.a(strnlen.o)
                              c:/winavr-20100110/bin/../lib/gcc/avr/4.3.3/../../../../avr/lib/avr5\libc.a(vfprintf_std.o) (strnlen)
c:/winavr-20100110/bin/../lib/gcc/avr/4.3.3/../../../../avr/lib/avr5\libc.a(fputc.o)
                              c:/winavr-20100110/bin/../lib/gcc/avr/4.3.3/../../../../avr/lib/avr5\libc.a(vfprintf_std.o) (fputc)
c:/winavr-20100110/bin/../lib/gcc/avr/4.3.3/../../../../avr/lib/avr5\libc.a(ultoa_invert.o)
                              c:/winavr-20100110/bin/../lib/gcc/avr/4.3.3/../../../../avr/lib/avr5\libc.a(vfprintf_std.o) (__ultoa_invert)
c:/winavr-20100110/bin/../lib/gcc/avr/4.3.3/avr5\libgcc.a(_prologue.o)
                              c:/winavr-20100110/bin/../lib/gcc/avr/4.3.3/../../../../avr/lib/avr5\libc.a(vfprintf_std.o) (__prologue_saves__)
c:/winavr-20100110/bin/../lib/gcc/avr/4.3.3/avr5\libgcc.a(_epilogue.o)
                              c:/winavr-20100110/bin/../lib/gcc/avr/4.3.3/../../../../avr/lib/avr5\libc.a(vfprintf_std.o) (__epilogue_restores__)

Allocating common symbols
Common symbol       size              file

adc_z_buffer_packed
                    0x1f              adc.o
module_id           0x1               comms.o
payload_stream      0x1a              comms.o
sent_etx_token      0x1               uart.o
temp_payload_buffer_count
                    0x1               comms.o
uart0_tx_idle       0x1               uart.o
temp_payload_buffer
                    0x40              comms.o
adc_z_new           0x2               adc.o
adc_z_want_update   0x1               adc.o
__iob               0x6               c:/winavr-20100110/bin/../lib/gcc/avr/4.3.3/../../../../avr/lib/avr5\libc.a(iob.o)

Memory Configuration

Name             Origin             Length             Attributes
text             0x00000000         0x00020000         xr
data             0x00800060         0x0000ffa0         rw !x
eeprom           0x00810000         0x00010000         rw !x
fuse             0x00820000         0x00000400         rw !x
lock             0x00830000         0x00000400         rw !x
signature        0x00840000         0x00000400         rw !x
*default*        0x00000000         0xffffffff

Linker script and memory map

Address of section .data set to 0x800100
LOAD c:/winavr-20100110/bin/../lib/gcc/avr/4.3.3/../../../../avr/lib/avr5/crtm168.o
LOAD adc.o
LOAD comms.o
LOAD fifo.o
LOAD io_pins.o
LOAD main.o
LOAD module.o
LOAD packet_scan.o
LOAD peak_test.o
LOAD timer.o
LOAD uart.o
LOAD c:/winavr-20100110/bin/../lib/gcc/avr/4.3.3/avr5\libgcc.a
LOAD c:/winavr-20100110/bin/../lib/gcc/avr/4.3.3/../../../../avr/lib/avr5\libc.a
LOAD c:/winavr-20100110/bin/../lib/gcc/avr/4.3.3/avr5\libgcc.a

.hash
 *(.hash)

.dynsym
 *(.dynsym)

.dynstr
 *(.dynstr)

.gnu.version
 *(.gnu.version)

.gnu.version_d
 *(.gnu.version_d)

.gnu.version_r
 *(.gnu.version_r)

.rel.init
 *(.rel.init)

.rela.init
 *(.rela.init)

.rel.text
 *(.rel.text)
 *(.rel.text.*)
 *(.rel.gnu.linkonce.t*)

.rela.text
 *(.rela.text)
 *(.rela.text.*)
 *(.rela.gnu.linkonce.t*)

.rel.fini
 *(.rel.fini)

.rela.fini
 *(.rela.fini)

.rel.rodata
 *(.rel.rodata)
 *(.rel.rodata.*)
 *(.rel.gnu.linkonce.r*)

.rela.rodata
 *(.rela.rodata)
 *(.rela.rodata.*)
 *(.rela.gnu.linkonce.r*)

.rel.data
 *(.rel.data)
 *(.rel.data.*)
 *(.rel.gnu.linkonce.d*)

.rela.data
 *(.rela.data)
 *(.rela.data.*)
 *(.rela.gnu.linkonce.d*)

.rel.ctors
 *(.rel.ctors)

.rela.ctors
 *(.rela.ctors)

.rel.dtors
 *(.rel.dtors)

.rela.dtors
 *(.rela.dtors)

.rel.got
 *(.rel.got)

.rela.got
 *(.rela.got)

.rel.bss
 *(.rel.bss)

.rela.bss
 *(.rela.bss)

.rel.plt
 *(.rel.plt)

.rela.plt
 *(.rela.plt)

.text           0x00000000     0x1e34
 *(.vectors)
 .vectors       0x00000000       0x68 c:/winavr-20100110/bin/../lib/gcc/avr/4.3.3/../../../../avr/lib/avr5/crtm168.o
                0x00000000                __vectors
                0x00000000                __vector_default
 *(.vectors)
 *(.progmem.gcc*)
 *(.progmem*)
                0x00000068                . = ALIGN (0x2)
                0x00000068                __trampolines_start = .
 *(.trampolines)
 .trampolines   0x00000068        0x0 linker stubs
 *(.trampolines*)
                0x00000068                __trampolines_end = .
 *(.jumptables)
 *(.jumptables*)
 *(.lowtext)
 *(.lowtext*)
                0x00000068                __ctors_start = .
 *(.ctors)
                0x00000068                __ctors_end = .
                0x00000068                __dtors_start = .
 *(.dtors)
                0x00000068                __dtors_end = .
 SORT(*)(.ctors)
 SORT(*)(.dtors)
 *(.init0)
 .init0         0x00000068        0x0 c:/winavr-20100110/bin/../lib/gcc/avr/4.3.3/../../../../avr/lib/avr5/crtm168.o
                0x00000068                __init
 *(.init0)
 *(.init1)
 *(.init1)
 *(.init2)
 .init2         0x00000068        0xc c:/winavr-20100110/bin/../lib/gcc/avr/4.3.3/../../../../avr/lib/avr5/crtm168.o
 *(.init2)
 *(.init3)
 *(.init3)
 *(.init4)
 .init4         0x00000074       0x16 c:/winavr-20100110/bin/../lib/gcc/avr/4.3.3/avr5\libgcc.a(_copy_data.o)
                0x00000074                __do_copy_data
 .init4         0x0000008a       0x10 c:/winavr-20100110/bin/../lib/gcc/avr/4.3.3/avr5\libgcc.a(_clear_bss.o)
                0x0000008a                __do_clear_bss
 *(.init4)
 *(.init5)
 *(.init5)
 *(.init6)
 *(.init6)
 *(.init7)
 *(.init7)
 *(.init8)
 *(.init8)
 *(.init9)
 .init9         0x0000009a        0x8 c:/winavr-20100110/bin/../lib/gcc/avr/4.3.3/../../../../avr/lib/avr5/crtm168.o
 *(.init9)
 *(.text)
 .text          0x000000a2        0x4 c:/winavr-20100110/bin/../lib/gcc/avr/4.3.3/../../../../avr/lib/avr5/crtm168.o
                0x000000a2                __vector_22
                0x000000a2                __vector_1
                0x000000a2                __vector_24
                0x000000a2                __vector_12
                0x000000a2                __bad_interrupt
                0x000000a2                __vector_6
                0x000000a2                __vector_3
                0x000000a2                __vector_23
                0x000000a2                __vector_25
                0x000000a2                __vector_13
                0x000000a2                __vector_17
                0x000000a2                __vector_7
                0x000000a2                __vector_5
                0x000000a2                __vector_4
                0x000000a2                __vector_9
                0x000000a2                __vector_2
                0x000000a2                __vector_21
                0x000000a2                __vector_15
                0x000000a2                __vector_8
                0x000000a2                __vector_14
                0x000000a2                __vector_10
                0x000000a2                __vector_16
                0x000000a2                __vector_20
 .text          0x000000a6      0x22e adc.o
                0x000002b6                adc_setup
                0x000001f8                adc_buffer_update
                0x00000240                adc_update
                0x000000d2                adc_pack_buffer
 .text          0x000002d4      0xf6c comms.o
                0x000010e8                SMC_send
                0x00000dcc                SSC_start
                0x00000f28                SMC_start
                0x00000ffc                SMC_add_class_indexed_item
                0x00001162                send_packet
                0x00000cfc                send_set_class_indexed_item_indexed
                0x00000c3e                send_set_class_indexed_item
                0x00000e8c                SSC_add_data
                0x000003e0                comms_setup
                0x00000b92                send_set_class_item
                0x00000f06                SSC_send
                0x00000dee                SSC_add_class_item
                0x00000f3a                SMC_add_class_item
                0x00000b5a                comms_update
                0x0000110a                send_text
 .text          0x00001240      0x104 fifo.o
                0x00001288                fifo_add_byte
                0x00001240                fifo_setup
                0x000012e2                fifo_get_byte
 .text          0x00001344       0xdc io_pins.o
                0x00001344                payload_tx_enable
                0x000013e8                status_led_on
                0x000013aa                toggle_status_led
                0x00001404                status_led_off
                0x0000137c                io_pins_setup
 .text          0x00001420       0x46 main.o
                0x00001420                main
 .text          0x00001466       0xf8 module.o
                0x00001466                module_setup
                0x0000149c                module_packet_scan
 .text          0x0000155e       0x68 packet_scan.o
                0x0000155e                packet_scan
                0x000015a8                packet_tx_request
 .text          0x000015c6       0x1c peak_test.o
                0x000015d4                peak_test_send_int
                0x000015c6                peak_test_setup
 .text          0x000015e2       0x84 timer.o
                0x00001636                timer1_setup
                0x000015e2                __vector_11
 .text          0x00001666      0x222 uart.o
                0x00001666                __vector_19
                0x0000184a                uart0_setup
                0x00001734                __vector_18
 .text          0x00001888        0x0 c:/winavr-20100110/bin/../lib/gcc/avr/4.3.3/avr5\libgcc.a(_exit.o)
 .text          0x00001888        0x0 c:/winavr-20100110/bin/../lib/gcc/avr/4.3.3/avr5\libgcc.a(_copy_data.o)
 .text          0x00001888        0x0 c:/winavr-20100110/bin/../lib/gcc/avr/4.3.3/avr5\libgcc.a(_clear_bss.o)
 .text          0x00001888        0x0 c:/winavr-20100110/bin/../lib/gcc/avr/4.3.3/../../../../avr/lib/avr5\libc.a(iob.o)
 .text          0x00001888        0x0 c:/winavr-20100110/bin/../lib/gcc/avr/4.3.3/../../../../avr/lib/avr5\libc.a(vprintf.o)
 .text          0x00001888        0x0 c:/winavr-20100110/bin/../lib/gcc/avr/4.3.3/../../../../avr/lib/avr5\libc.a(vfprintf_std.o)
 .text          0x00001888        0x0 c:/winavr-20100110/bin/../lib/gcc/avr/4.3.3/../../../../avr/lib/avr5\libc.a(eerd_byte_atmega168.o)
 .text          0x00001888        0x0 c:/winavr-20100110/bin/../lib/gcc/avr/4.3.3/../../../../avr/lib/avr5\libc.a(eewr_byte_atmega168.o)
 .text          0x00001888        0x0 c:/winavr-20100110/bin/../lib/gcc/avr/4.3.3/../../../../avr/lib/avr5\libc.a(strnlen_P.o)
 .text          0x00001888        0x0 c:/winavr-20100110/bin/../lib/gcc/avr/4.3.3/../../../../avr/lib/avr5\libc.a(strnlen.o)
 .text          0x00001888        0x0 c:/winavr-20100110/bin/../lib/gcc/avr/4.3.3/../../../../avr/lib/avr5\libc.a(fputc.o)
 .text          0x00001888        0x0 c:/winavr-20100110/bin/../lib/gcc/avr/4.3.3/../../../../avr/lib/avr5\libc.a(ultoa_invert.o)
 .text          0x00001888        0x0 c:/winavr-20100110/bin/../lib/gcc/avr/4.3.3/avr5\libgcc.a(_prologue.o)
 .text          0x00001888        0x0 c:/winavr-20100110/bin/../lib/gcc/avr/4.3.3/avr5\libgcc.a(_epilogue.o)
                0x00001888                . = ALIGN (0x2)
 *(.text.*)
 .text.libgcc   0x00001888        0x0 c:/winavr-20100110/bin/../lib/gcc/avr/4.3.3/avr5\libgcc.a(_exit.o)
 .text.libgcc   0x00001888        0x0 c:/winavr-20100110/bin/../lib/gcc/avr/4.3.3/avr5\libgcc.a(_copy_data.o)
 .text.libgcc   0x00001888        0x0 c:/winavr-20100110/bin/../lib/gcc/avr/4.3.3/avr5\libgcc.a(_clear_bss.o)
 .text.avr-libc
                0x00001888       0x14 c:/winavr-20100110/bin/../lib/gcc/avr/4.3.3/../../../../avr/lib/avr5\libc.a(vprintf.o)
                0x00001888                vprintf
 .text.avr-libc
                0x0000189c      0x3ba c:/winavr-20100110/bin/../lib/gcc/avr/4.3.3/../../../../avr/lib/avr5\libc.a(vfprintf_std.o)
                0x0000189c                vfprintf
 .text.avr-libc
                0x00001c56       0x10 c:/winavr-20100110/bin/../lib/gcc/avr/4.3.3/../../../../avr/lib/avr5\libc.a(eerd_byte_atmega168.o)
                0x00001c56                __eerd_byte_m168
 .text.avr-libc
                0x00001c66       0x1c c:/winavr-20100110/bin/../lib/gcc/avr/4.3.3/../../../../avr/lib/avr5\libc.a(eewr_byte_atmega168.o)
                0x00001c68                __eewr_r18_m168
                0x00001c66                __eewr_byte_m168
 .text.avr-libc
                0x00001c82       0x16 c:/winavr-20100110/bin/../lib/gcc/avr/4.3.3/../../../../avr/lib/avr5\libc.a(strnlen_P.o)
                0x00001c82                strnlen_P
 .text.avr-libc
                0x00001c98       0x16 c:/winavr-20100110/bin/../lib/gcc/avr/4.3.3/../../../../avr/lib/avr5\libc.a(strnlen.o)
                0x00001c98                strnlen
 .text.avr-libc
                0x00001cae       0x58 c:/winavr-20100110/bin/../lib/gcc/avr/4.3.3/../../../../avr/lib/avr5\libc.a(fputc.o)
                0x00001cae                fputc
 .text.avr-libc
                0x00001d06       0xbc c:/winavr-20100110/bin/../lib/gcc/avr/4.3.3/../../../../avr/lib/avr5\libc.a(ultoa_invert.o)
                0x00001d06                __ultoa_invert
 .text.libgcc   0x00001dc2       0x38 c:/winavr-20100110/bin/../lib/gcc/avr/4.3.3/avr5\libgcc.a(_prologue.o)
                0x00001dc2                __prologue_saves__
 .text.libgcc   0x00001dfa       0x36 c:/winavr-20100110/bin/../lib/gcc/avr/4.3.3/avr5\libgcc.a(_epilogue.o)
                0x00001dfa                __epilogue_restores__
                0x00001e30                . = ALIGN (0x2)
 *(.fini9)
 .fini9         0x00001e30        0x0 c:/winavr-20100110/bin/../lib/gcc/avr/4.3.3/avr5\libgcc.a(_exit.o)
                0x00001e30                exit
                0x00001e30                _exit
 *(.fini9)
 *(.fini8)
 *(.fini8)
 *(.fini7)
 *(.fini7)
 *(.fini6)
 *(.fini6)
 *(.fini5)
 *(.fini5)
 *(.fini4)
 *(.fini4)
 *(.fini3)
 *(.fini3)
 *(.fini2)
 *(.fini2)
 *(.fini1)
 *(.fini1)
 *(.fini0)
 .fini0         0x00001e30        0x4 c:/winavr-20100110/bin/../lib/gcc/avr/4.3.3/avr5\libgcc.a(_exit.o)
 *(.fini0)
                0x00001e34                _etext = .

.data           0x00800100       0x2a load address 0x00001e34
                0x00800100                PROVIDE (__data_start, .)
 *(.data)
 .data          0x00800100        0x0 c:/winavr-20100110/bin/../lib/gcc/avr/4.3.3/../../../../avr/lib/avr5/crtm168.o
 .data          0x00800100        0x0 adc.o
 .data          0x00800100        0x0 comms.o
 .data          0x00800100        0x0 fifo.o
 .data          0x00800100        0x0 io_pins.o
 .data          0x00800100        0x8 main.o
                0x00800100                my_data
 .data          0x00800108       0x1b module.o
 .data          0x00800123        0x6 packet_scan.o
 .data          0x00800129        0x0 peak_test.o
 .data          0x00800129        0x0 timer.o
 .data          0x00800129        0x0 uart.o
 .data          0x00800129        0x0 c:/winavr-20100110/bin/../lib/gcc/avr/4.3.3/avr5\libgcc.a(_exit.o)
 .data          0x00800129        0x0 c:/winavr-20100110/bin/../lib/gcc/avr/4.3.3/avr5\libgcc.a(_copy_data.o)
 .data          0x00800129        0x0 c:/winavr-20100110/bin/../lib/gcc/avr/4.3.3/avr5\libgcc.a(_clear_bss.o)
 .data          0x00800129        0x0 c:/winavr-20100110/bin/../lib/gcc/avr/4.3.3/../../../../avr/lib/avr5\libc.a(iob.o)
 .data          0x00800129        0x0 c:/winavr-20100110/bin/../lib/gcc/avr/4.3.3/../../../../avr/lib/avr5\libc.a(vprintf.o)
 .data          0x00800129        0x0 c:/winavr-20100110/bin/../lib/gcc/avr/4.3.3/../../../../avr/lib/avr5\libc.a(vfprintf_std.o)
 .data          0x00800129        0x0 c:/winavr-20100110/bin/../lib/gcc/avr/4.3.3/../../../../avr/lib/avr5\libc.a(eerd_byte_atmega168.o)
 .data          0x00800129        0x0 c:/winavr-20100110/bin/../lib/gcc/avr/4.3.3/../../../../avr/lib/avr5\libc.a(eewr_byte_atmega168.o)
 .data          0x00800129        0x0 c:/winavr-20100110/bin/../lib/gcc/avr/4.3.3/../../../../avr/lib/avr5\libc.a(strnlen_P.o)
 .data          0x00800129        0x0 c:/winavr-20100110/bin/../lib/gcc/avr/4.3.3/../../../../avr/lib/avr5\libc.a(strnlen.o)
 .data          0x00800129        0x0 c:/winavr-20100110/bin/../lib/gcc/avr/4.3.3/../../../../avr/lib/avr5\libc.a(fputc.o)
 .data          0x00800129        0x0 c:/winavr-20100110/bin/../lib/gcc/avr/4.3.3/../../../../avr/lib/avr5\libc.a(ultoa_invert.o)
 .data          0x00800129        0x0 c:/winavr-20100110/bin/../lib/gcc/avr/4.3.3/avr5\libgcc.a(_prologue.o)
 .data          0x00800129        0x0 c:/winavr-20100110/bin/../lib/gcc/avr/4.3.3/avr5\libgcc.a(_epilogue.o)
 *(.data*)
 *(.rodata)
 *(.rodata*)
 *(.gnu.linkonce.d*)
                0x0080012a                . = ALIGN (0x2)
 *fill*         0x00800129        0x1 00
                0x0080012a                _edata = .
                0x0080012a                PROVIDE (__data_end, .)

.bss            0x0080012a      0x200
                0x0080012a                PROVIDE (__bss_start, .)
 *(.bss)
 .bss           0x0080012a        0x0 c:/winavr-20100110/bin/../lib/gcc/avr/4.3.3/../../../../avr/lib/avr5/crtm168.o
 .bss           0x0080012a       0x29 adc.o
 .bss           0x00800153      0x151 comms.o
 .bss           0x008002a4        0x0 fifo.o
 .bss           0x008002a4        0x0 io_pins.o
 .bss           0x008002a4        0x0 main.o
 .bss           0x008002a4        0x0 module.o
 .bss           0x008002a4        0x0 packet_scan.o
 .bss           0x008002a4        0x0 peak_test.o
 .bss           0x008002a4        0x0 timer.o
 .bss           0x008002a4        0x0 uart.o
 .bss           0x008002a4        0x0 c:/winavr-20100110/bin/../lib/gcc/avr/4.3.3/avr5\libgcc.a(_exit.o)
 .bss           0x008002a4        0x0 c:/winavr-20100110/bin/../lib/gcc/avr/4.3.3/avr5\libgcc.a(_copy_data.o)
 .bss           0x008002a4        0x0 c:/winavr-20100110/bin/../lib/gcc/avr/4.3.3/avr5\libgcc.a(_clear_bss.o)
 .bss           0x008002a4        0x0 c:/winavr-20100110/bin/../lib/gcc/avr/4.3.3/../../../../avr/lib/avr5\libc.a(iob.o)
 .bss           0x008002a4        0x0 c:/winavr-20100110/bin/../lib/gcc/avr/4.3.3/../../../../avr/lib/avr5\libc.a(vprintf.o)
 .bss           0x008002a4        0x0 c:/winavr-20100110/bin/../lib/gcc/avr/4.3.3/../../../../avr/lib/avr5\libc.a(vfprintf_std.o)
 .bss           0x008002a4        0x0 c:/winavr-20100110/bin/../lib/gcc/avr/4.3.3/../../../../avr/lib/avr5\libc.a(eerd_byte_atmega168.o)
 .bss           0x008002a4        0x0 c:/winavr-20100110/bin/../lib/gcc/avr/4.3.3/../../../../avr/lib/avr5\libc.a(eewr_byte_atmega168.o)
 .bss           0x008002a4        0x0 c:/winavr-20100110/bin/../lib/gcc/avr/4.3.3/../../../../avr/lib/avr5\libc.a(strnlen_P.o)
 .bss           0x008002a4        0x0 c:/winavr-20100110/bin/../lib/gcc/avr/4.3.3/../../../../avr/lib/avr5\libc.a(strnlen.o)
 .bss           0x008002a4        0x0 c:/winavr-20100110/bin/../lib/gcc/avr/4.3.3/../../../../avr/lib/avr5\libc.a(fputc.o)
 .bss           0x008002a4        0x0 c:/winavr-20100110/bin/../lib/gcc/avr/4.3.3/../../../../avr/lib/avr5\libc.a(ultoa_invert.o)
 .bss           0x008002a4        0x0 c:/winavr-20100110/bin/../lib/gcc/avr/4.3.3/avr5\libgcc.a(_prologue.o)
 .bss           0x008002a4        0x0 c:/winavr-20100110/bin/../lib/gcc/avr/4.3.3/avr5\libgcc.a(_epilogue.o)
 *(.bss*)
 *(COMMON)
 COMMON         0x008002a4       0x22 adc.o
                0x008002a4                adc_z_buffer_packed
                0x008002c3                adc_z_new
                0x008002c5                adc_z_want_update
 COMMON         0x008002c6       0x5c comms.o
                0x008002c6                module_id
                0x008002c7                payload_stream
                0x008002e1                temp_payload_buffer_count
                0x008002e2                temp_payload_buffer
 COMMON         0x00800322        0x2 uart.o
                0x00800322                sent_etx_token
                0x00800323                uart0_tx_idle
 COMMON         0x00800324        0x6 c:/winavr-20100110/bin/../lib/gcc/avr/4.3.3/../../../../avr/lib/avr5\libc.a(iob.o)
                0x00800324                __iob
                0x0080032a                PROVIDE (__bss_end, .)
                0x00001e34                __data_load_start = LOADADDR (.data)
                0x00001e5e                __data_load_end = (__data_load_start + SIZEOF (.data))

.noinit         0x0080032a        0x0
                0x0080032a                PROVIDE (__noinit_start, .)
 *(.noinit*)
                0x0080032a                PROVIDE (__noinit_end, .)
                0x0080032a                _end = .
                0x0080032a                PROVIDE (__heap_start, .)

.eeprom         0x00810000        0x0
 *(.eeprom*)
                0x00810000                __eeprom_end = .

.fuse
 *(.fuse)
 *(.lfuse)
 *(.hfuse)
 *(.efuse)

.lock
 *(.lock*)

.signature
 *(.signature*)

.stab
 *(.stab)

.stabstr
 *(.stabstr)

.stab.excl
 *(.stab.excl)

.stab.exclstr
 *(.stab.exclstr)

.stab.index
 *(.stab.index)

.stab.indexstr
 *(.stab.indexstr)

.comment
 *(.comment)

.debug
 *(.debug)

.line
 *(.line)

.debug_srcinfo
 *(.debug_srcinfo)

.debug_sfnames
 *(.debug_sfnames)

.debug_aranges  0x00000000      0x140
 *(.debug_aranges)
 .debug_aranges
                0x00000000       0x20 adc.o
 .debug_aranges
                0x00000020       0x20 comms.o
 .debug_aranges
                0x00000040       0x20 fifo.o
 .debug_aranges
                0x00000060       0x20 io_pins.o
 .debug_aranges
                0x00000080       0x20 main.o
 .debug_aranges
                0x000000a0       0x20 module.o
 .debug_aranges
                0x000000c0       0x20 packet_scan.o
 .debug_aranges
                0x000000e0       0x20 peak_test.o
 .debug_aranges
                0x00000100       0x20 timer.o
 .debug_aranges
                0x00000120       0x20 uart.o

.debug_pubnames
                0x00000000      0x45b
 *(.debug_pubnames)
 .debug_pubnames
                0x00000000       0x95 adc.o
 .debug_pubnames
                0x00000095      0x19c comms.o
 .debug_pubnames
                0x00000231       0x45 fifo.o
 .debug_pubnames
                0x00000276       0x75 io_pins.o
 .debug_pubnames
                0x000002eb       0x27 main.o
 .debug_pubnames
                0x00000312       0x3a module.o
 .debug_pubnames
                0x0000034c       0x38 packet_scan.o
 .debug_pubnames
                0x00000384       0x3d peak_test.o
 .debug_pubnames
                0x000003c1       0x33 timer.o
 .debug_pubnames
                0x000003f4       0x67 uart.o

.debug_info     0x00000000     0x118d
 *(.debug_info)
 .debug_info    0x00000000      0x191 adc.o
 .debug_info    0x00000191      0x81c comms.o
 .debug_info    0x000009ad      0x16c fifo.o
 .debug_info    0x00000b19       0xea io_pins.o
 .debug_info    0x00000c03       0xa8 main.o
 .debug_info    0x00000cab       0xc7 module.o
 .debug_info    0x00000d72       0xba packet_scan.o
 .debug_info    0x00000e2c       0x84 peak_test.o
 .debug_info    0x00000eb0       0x93 timer.o
 .debug_info    0x00000f43      0x24a uart.o
 *(.gnu.linkonce.wi.*)

.debug_abbrev   0x00000000      0x672
 *(.debug_abbrev)
 .debug_abbrev  0x00000000       0xd6 adc.o
 .debug_abbrev  0x000000d6      0x1b8 comms.o
 .debug_abbrev  0x0000028e       0xa2 fifo.o
 .debug_abbrev  0x00000330       0x70 io_pins.o
 .debug_abbrev  0x000003a0       0x6b main.o
 .debug_abbrev  0x0000040b       0x7d module.o
 .debug_abbrev  0x00000488       0x6c packet_scan.o
 .debug_abbrev  0x000004f4       0x3d peak_test.o
 .debug_abbrev  0x00000531       0x52 timer.o
 .debug_abbrev  0x00000583       0xef uart.o

.debug_line     0x00000000     0x116c
 *(.debug_line)
 .debug_line    0x00000000      0x186 adc.o
 .debug_line    0x00000186      0x921 comms.o
 .debug_line    0x00000aa7       0xe1 fifo.o
 .debug_line    0x00000b88      0x10a io_pins.o
 .debug_line    0x00000c92       0x9d main.o
 .debug_line    0x00000d2f       0xe2 module.o
 .debug_line    0x00000e11       0x94 packet_scan.o
 .debug_line    0x00000ea5       0x72 peak_test.o
 .debug_line    0x00000f17       0x96 timer.o
 .debug_line    0x00000fad      0x1bf uart.o

.debug_frame    0x00000000      0x360
 *(.debug_frame)
 .debug_frame   0x00000000       0x60 adc.o
 .debug_frame   0x00000060      0x130 comms.o
 .debug_frame   0x00000190       0x40 fifo.o
 .debug_frame   0x000001d0       0x60 io_pins.o
 .debug_frame   0x00000230       0x20 main.o
 .debug_frame   0x00000250       0x30 module.o
 .debug_frame   0x00000280       0x30 packet_scan.o
 .debug_frame   0x000002b0       0x30 peak_test.o
 .debug_frame   0x000002e0       0x30 timer.o
 .debug_frame   0x00000310       0x50 uart.o

.debug_str      0x00000000      0x6f3
 *(.debug_str)
 .debug_str     0x00000000      0x136 adc.o
                                0x16a (size before relaxing)
 .debug_str     0x00000136      0x3ed comms.o
                                0x513 (size before relaxing)
 .debug_str     0x00000523       0x44 fifo.o
                                 0xfc (size before relaxing)
 .debug_str     0x00000567       0x6a io_pins.o
                                0x11e (size before relaxing)
 .debug_str     0x000005d1       0x19 main.o
                                 0xc3 (size before relaxing)
 .debug_str     0x000005ea       0x2e module.o
                                 0xee (size before relaxing)
 .debug_str     0x00000618       0x25 packet_scan.o
                                 0xe7 (size before relaxing)
 .debug_str     0x0000063d       0x34 peak_test.o
                                 0xd1 (size before relaxing)
 .debug_str     0x00000671       0x26 timer.o
                                 0xd0 (size before relaxing)
 .debug_str     0x00000697       0x5c uart.o
                                0x253 (size before relaxing)

.debug_loc
 *(.debug_loc)

.debug_macinfo
 *(.debug_macinfo)
OUTPUT(fastacc.elf elf32-avr)
LOAD linker stubs
