Archive member included because of file (symbol)

c:/winavr-20080610/bin/../lib/gcc/avr/4.3.0/avr5\libgcc.a(_exit.o)
                              c:/winavr-20080610/bin/../lib/gcc/avr/4.3.0/../../../../avr/lib/avr5/crtm168p.o (exit)
c:/winavr-20080610/bin/../lib/gcc/avr/4.3.0/avr5\libgcc.a(_copy_data.o)
                              adc.o (__do_copy_data)
c:/winavr-20080610/bin/../lib/gcc/avr/4.3.0/avr5\libgcc.a(_clear_bss.o)
                              adc.o (__do_clear_bss)
c:/winavr-20080610/bin/../lib/gcc/avr/4.3.0/../../../../avr/lib/avr5\libc.a(iob.o)
                              comms.o (__iob)
c:/winavr-20080610/bin/../lib/gcc/avr/4.3.0/../../../../avr/lib/avr5\libc.a(vprintf.o)
                              comms.o (vprintf)
c:/winavr-20080610/bin/../lib/gcc/avr/4.3.0/../../../../avr/lib/avr5\libc.a(vfprintf_std.o)
                              c:/winavr-20080610/bin/../lib/gcc/avr/4.3.0/../../../../avr/lib/avr5\libc.a(vprintf.o) (vfprintf)
c:/winavr-20080610/bin/../lib/gcc/avr/4.3.0/../../../../avr/lib/avr5\libc.a(strnlen_P.o)
                              c:/winavr-20080610/bin/../lib/gcc/avr/4.3.0/../../../../avr/lib/avr5\libc.a(vfprintf_std.o) (strnlen_P)
c:/winavr-20080610/bin/../lib/gcc/avr/4.3.0/../../../../avr/lib/avr5\libc.a(strnlen.o)
                              c:/winavr-20080610/bin/../lib/gcc/avr/4.3.0/../../../../avr/lib/avr5\libc.a(vfprintf_std.o) (strnlen)
c:/winavr-20080610/bin/../lib/gcc/avr/4.3.0/../../../../avr/lib/avr5\libc.a(fputc.o)
                              c:/winavr-20080610/bin/../lib/gcc/avr/4.3.0/../../../../avr/lib/avr5\libc.a(vfprintf_std.o) (fputc)
c:/winavr-20080610/bin/../lib/gcc/avr/4.3.0/../../../../avr/lib/avr5\libc.a(ultoa_invert.o)
                              c:/winavr-20080610/bin/../lib/gcc/avr/4.3.0/../../../../avr/lib/avr5\libc.a(vfprintf_std.o) (__ultoa_invert)
c:/winavr-20080610/bin/../lib/gcc/avr/4.3.0/avr5\libgcc.a(_prologue.o)
                              c:/winavr-20080610/bin/../lib/gcc/avr/4.3.0/../../../../avr/lib/avr5\libc.a(vfprintf_std.o) (__prologue_saves__)
c:/winavr-20080610/bin/../lib/gcc/avr/4.3.0/avr5\libgcc.a(_epilogue.o)
                              c:/winavr-20080610/bin/../lib/gcc/avr/4.3.0/../../../../avr/lib/avr5\libc.a(vfprintf_std.o) (__epilogue_restores__)

Allocating common symbols
Common symbol       size              file

adc_z_buffer_packed
                    0x1f              adc.o
module_id           0x1               comms.o
payload_stream      0x1a              comms.o
sent_etx_token      0x1               uart.o
temp_payload_buffer_count
                    0x1               comms.o
uart0_tx_idle       0x1               uart.o
temp_payload_buffer
                    0x40              comms.o
adc_z_new           0x2               adc.o
adc_z_want_update   0x1               adc.o
__iob               0x6               c:/winavr-20080610/bin/../lib/gcc/avr/4.3.0/../../../../avr/lib/avr5\libc.a(iob.o)

Memory Configuration

Name             Origin             Length             Attributes
text             0x00000000         0x00020000         xr
data             0x00800060         0x0000ffa0         rw !x
eeprom           0x00810000         0x00010000         rw !x
fuse             0x00820000         0x00000400         rw !x
lock             0x00830000         0x00000400         rw !x
signature        0x00840000         0x00000400         rw !x
*default*        0x00000000         0xffffffff

Linker script and memory map

Address of section .data set to 0x800100
LOAD c:/winavr-20080610/bin/../lib/gcc/avr/4.3.0/../../../../avr/lib/avr5/crtm168p.o
LOAD adc.o
LOAD comms.o
LOAD fifo.o
LOAD io_pins.o
LOAD main.o
LOAD module.o
LOAD packet_scan.o
LOAD timer.o
LOAD uart.o
LOAD c:/winavr-20080610/bin/../lib/gcc/avr/4.3.0/avr5\libgcc.a
LOAD c:/winavr-20080610/bin/../lib/gcc/avr/4.3.0/../../../../avr/lib/avr5\libc.a
LOAD c:/winavr-20080610/bin/../lib/gcc/avr/4.3.0/avr5\libgcc.a

.hash
 *(.hash)

.dynsym
 *(.dynsym)

.dynstr
 *(.dynstr)

.gnu.version
 *(.gnu.version)

.gnu.version_d
 *(.gnu.version_d)

.gnu.version_r
 *(.gnu.version_r)

.rel.init
 *(.rel.init)

.rela.init
 *(.rela.init)

.rel.text
 *(.rel.text)
 *(.rel.text.*)
 *(.rel.gnu.linkonce.t*)

.rela.text
 *(.rela.text)
 *(.rela.text.*)
 *(.rela.gnu.linkonce.t*)

.rel.fini
 *(.rel.fini)

.rela.fini
 *(.rela.fini)

.rel.rodata
 *(.rel.rodata)
 *(.rel.rodata.*)
 *(.rel.gnu.linkonce.r*)

.rela.rodata
 *(.rela.rodata)
 *(.rela.rodata.*)
 *(.rela.gnu.linkonce.r*)

.rel.data
 *(.rel.data)
 *(.rel.data.*)
 *(.rel.gnu.linkonce.d*)

.rela.data
 *(.rela.data)
 *(.rela.data.*)
 *(.rela.gnu.linkonce.d*)

.rel.ctors
 *(.rel.ctors)

.rela.ctors
 *(.rela.ctors)

.rel.dtors
 *(.rel.dtors)

.rela.dtors
 *(.rela.dtors)

.rel.got
 *(.rel.got)

.rela.got
 *(.rela.got)

.rel.bss
 *(.rel.bss)

.rela.bss
 *(.rela.bss)

.rel.plt
 *(.rel.plt)

.rela.plt
 *(.rela.plt)

.text           0x00000000     0x1ea0
 *(.vectors)
 .vectors       0x00000000       0x68 c:/winavr-20080610/bin/../lib/gcc/avr/4.3.0/../../../../avr/lib/avr5/crtm168p.o
                0x00000000                __vectors
                0x00000000                __vector_default
 *(.vectors)
 *(.progmem.gcc*)
 *(.progmem*)
                0x00000068                . = ALIGN (0x2)
                0x00000068                __trampolines_start = .
 *(.trampolines)
 .trampolines   0x00000068        0x0 linker stubs
 *(.trampolines*)
                0x00000068                __trampolines_end = .
 *(.jumptables)
 *(.jumptables*)
 *(.lowtext)
 *(.lowtext*)
                0x00000068                __ctors_start = .
 *(.ctors)
                0x00000068                __ctors_end = .
                0x00000068                __dtors_start = .
 *(.dtors)
                0x00000068                __dtors_end = .
 SORT(*)(.ctors)
 SORT(*)(.dtors)
 *(.init0)
 .init0         0x00000068        0x0 c:/winavr-20080610/bin/../lib/gcc/avr/4.3.0/../../../../avr/lib/avr5/crtm168p.o
                0x00000068                __init
 *(.init0)
 *(.init1)
 *(.init1)
 *(.init2)
 .init2         0x00000068        0xc c:/winavr-20080610/bin/../lib/gcc/avr/4.3.0/../../../../avr/lib/avr5/crtm168p.o
 *(.init2)
 *(.init3)
 *(.init3)
 *(.init4)
 .init4         0x00000074       0x16 c:/winavr-20080610/bin/../lib/gcc/avr/4.3.0/avr5\libgcc.a(_copy_data.o)
                0x00000074                __do_copy_data
 .init4         0x0000008a       0x10 c:/winavr-20080610/bin/../lib/gcc/avr/4.3.0/avr5\libgcc.a(_clear_bss.o)
                0x0000008a                __do_clear_bss
 *(.init4)
 *(.init5)
 *(.init5)
 *(.init6)
 *(.init6)
 *(.init7)
 *(.init7)
 *(.init8)
 *(.init8)
 *(.init9)
 .init9         0x0000009a        0x8 c:/winavr-20080610/bin/../lib/gcc/avr/4.3.0/../../../../avr/lib/avr5/crtm168p.o
 *(.init9)
 *(.text)
 .text          0x000000a2        0x4 c:/winavr-20080610/bin/../lib/gcc/avr/4.3.0/../../../../avr/lib/avr5/crtm168p.o
                0x000000a2                __vector_22
                0x000000a2                __vector_1
                0x000000a2                __vector_24
                0x000000a2                __vector_12
                0x000000a2                __bad_interrupt
                0x000000a2                __vector_6
                0x000000a2                __vector_3
                0x000000a2                __vector_23
                0x000000a2                __vector_25
                0x000000a2                __vector_13
                0x000000a2                __vector_17
                0x000000a2                __vector_7
                0x000000a2                __vector_5
                0x000000a2                __vector_4
                0x000000a2                __vector_9
                0x000000a2                __vector_2
                0x000000a2                __vector_21
                0x000000a2                __vector_15
                0x000000a2                __vector_8
                0x000000a2                __vector_14
                0x000000a2                __vector_10
                0x000000a2                __vector_16
                0x000000a2                __vector_20
 .text          0x000000a6      0x22e adc.o
                0x000002b6                adc_setup
                0x000001f8                adc_buffer_update
                0x00000240                adc_update
                0x000000d2                adc_pack_buffer
 .text          0x000002d4      0xf74 comms.o
                0x000010ee                SMC_send
                0x00000dd2                SSC_start
                0x00000f2e                SMC_start
                0x00001002                SMC_add_class_indexed_item
                0x0000116a                send_packet
                0x00000d02                send_set_class_indexed_item_indexed
                0x00000c44                send_set_class_indexed_item
                0x00000e92                SSC_add_data
                0x000003e8                comms_setup
                0x00000b98                send_set_class_item
                0x00000f0c                SSC_send
                0x00000df4                SSC_add_class_item
                0x00000f40                SMC_add_class_item
                0x00000b60                comms_update
                0x00001110                send_text
 .text          0x00001248      0x104 fifo.o
                0x00001290                fifo_add_byte
                0x00001248                fifo_setup
                0x000012ea                fifo_get_byte
 .text          0x0000134c       0xdc io_pins.o
                0x0000134c                payload_tx_enable
                0x000013f0                status_led_on
                0x000013b2                toggle_status_led
                0x0000140c                status_led_off
                0x00001384                io_pins_setup
 .text          0x00001428       0x2c main.o
                0x00001428                main
 .text          0x00001454      0x186 module.o
                0x00001454                module_setup
                0x000014d4                module_packet_scan
 .text          0x000015da       0x9e packet_scan.o
                0x000015da                packet_scan
                0x0000162c                packet_tx_request
 .text          0x00001678       0x84 timer.o
                0x000016cc                timer1_setup
                0x00001678                __vector_11
 .text          0x000016fc      0x222 uart.o
                0x000016fc                __vector_19
                0x000018e0                uart0_setup
                0x000017ca                __vector_18
 .text          0x0000191e        0x0 c:/winavr-20080610/bin/../lib/gcc/avr/4.3.0/avr5\libgcc.a(_exit.o)
 .text          0x0000191e        0x0 c:/winavr-20080610/bin/../lib/gcc/avr/4.3.0/avr5\libgcc.a(_copy_data.o)
 .text          0x0000191e        0x0 c:/winavr-20080610/bin/../lib/gcc/avr/4.3.0/avr5\libgcc.a(_clear_bss.o)
 .text          0x0000191e        0x0 c:/winavr-20080610/bin/../lib/gcc/avr/4.3.0/../../../../avr/lib/avr5\libc.a(iob.o)
 .text          0x0000191e       0x12 c:/winavr-20080610/bin/../lib/gcc/avr/4.3.0/../../../../avr/lib/avr5\libc.a(vprintf.o)
                0x0000191e                vprintf
 .text          0x00001930      0x3be c:/winavr-20080610/bin/../lib/gcc/avr/4.3.0/../../../../avr/lib/avr5\libc.a(vfprintf_std.o)
                0x00001930                vfprintf
 .text          0x00001cee       0x16 c:/winavr-20080610/bin/../lib/gcc/avr/4.3.0/../../../../avr/lib/avr5\libc.a(strnlen_P.o)
                0x00001cee                strnlen_P
 .text          0x00001d04       0x16 c:/winavr-20080610/bin/../lib/gcc/avr/4.3.0/../../../../avr/lib/avr5\libc.a(strnlen.o)
                0x00001d04                strnlen
 .text          0x00001d1a       0x58 c:/winavr-20080610/bin/../lib/gcc/avr/4.3.0/../../../../avr/lib/avr5\libc.a(fputc.o)
                0x00001d1a                fputc
 .text          0x00001d72       0xbc c:/winavr-20080610/bin/../lib/gcc/avr/4.3.0/../../../../avr/lib/avr5\libc.a(ultoa_invert.o)
                0x00001d72                __ultoa_invert
 .text          0x00001e2e        0x0 c:/winavr-20080610/bin/../lib/gcc/avr/4.3.0/avr5\libgcc.a(_prologue.o)
 .text          0x00001e2e        0x0 c:/winavr-20080610/bin/../lib/gcc/avr/4.3.0/avr5\libgcc.a(_epilogue.o)
                0x00001e2e                . = ALIGN (0x2)
 *(.text.*)
 .text.libgcc   0x00001e2e        0x0 c:/winavr-20080610/bin/../lib/gcc/avr/4.3.0/avr5\libgcc.a(_exit.o)
 .text.libgcc   0x00001e2e        0x0 c:/winavr-20080610/bin/../lib/gcc/avr/4.3.0/avr5\libgcc.a(_copy_data.o)
 .text.libgcc   0x00001e2e        0x0 c:/winavr-20080610/bin/../lib/gcc/avr/4.3.0/avr5\libgcc.a(_clear_bss.o)
 .text.libgcc   0x00001e2e       0x38 c:/winavr-20080610/bin/../lib/gcc/avr/4.3.0/avr5\libgcc.a(_prologue.o)
                0x00001e2e                __prologue_saves__
 .text.libgcc   0x00001e66       0x36 c:/winavr-20080610/bin/../lib/gcc/avr/4.3.0/avr5\libgcc.a(_epilogue.o)
                0x00001e66                __epilogue_restores__
                0x00001e9c                . = ALIGN (0x2)
 *(.fini9)
 .fini9         0x00001e9c        0x0 c:/winavr-20080610/bin/../lib/gcc/avr/4.3.0/avr5\libgcc.a(_exit.o)
                0x00001e9c                exit
                0x00001e9c                _exit
 *(.fini9)
 *(.fini8)
 *(.fini8)
 *(.fini7)
 *(.fini7)
 *(.fini6)
 *(.fini6)
 *(.fini5)
 *(.fini5)
 *(.fini4)
 *(.fini4)
 *(.fini3)
 *(.fini3)
 *(.fini2)
 *(.fini2)
 *(.fini1)
 *(.fini1)
 *(.fini0)
 .fini0         0x00001e9c        0x4 c:/winavr-20080610/bin/../lib/gcc/avr/4.3.0/avr5\libgcc.a(_exit.o)
 *(.fini0)
                0x00001ea0                _etext = .

.data           0x00800100       0x1e load address 0x00001ea0
                0x00800100                PROVIDE (__data_start, .)
 *(.data)
 .data          0x00800100        0x0 c:/winavr-20080610/bin/../lib/gcc/avr/4.3.0/../../../../avr/lib/avr5/crtm168p.o
 .data          0x00800100        0x0 adc.o
 .data          0x00800100        0x0 comms.o
 .data          0x00800100        0x0 fifo.o
 .data          0x00800100        0x0 io_pins.o
 .data          0x00800100        0x0 main.o
 .data          0x00800100       0x1b module.o
 .data          0x0080011b        0x3 packet_scan.o
 .data          0x0080011e        0x0 timer.o
 .data          0x0080011e        0x0 uart.o
 .data          0x0080011e        0x0 c:/winavr-20080610/bin/../lib/gcc/avr/4.3.0/avr5\libgcc.a(_exit.o)
 .data          0x0080011e        0x0 c:/winavr-20080610/bin/../lib/gcc/avr/4.3.0/avr5\libgcc.a(_copy_data.o)
 .data          0x0080011e        0x0 c:/winavr-20080610/bin/../lib/gcc/avr/4.3.0/avr5\libgcc.a(_clear_bss.o)
 .data          0x0080011e        0x0 c:/winavr-20080610/bin/../lib/gcc/avr/4.3.0/../../../../avr/lib/avr5\libc.a(iob.o)
 .data          0x0080011e        0x0 c:/winavr-20080610/bin/../lib/gcc/avr/4.3.0/../../../../avr/lib/avr5\libc.a(vprintf.o)
 .data          0x0080011e        0x0 c:/winavr-20080610/bin/../lib/gcc/avr/4.3.0/../../../../avr/lib/avr5\libc.a(vfprintf_std.o)
 .data          0x0080011e        0x0 c:/winavr-20080610/bin/../lib/gcc/avr/4.3.0/../../../../avr/lib/avr5\libc.a(strnlen_P.o)
 .data          0x0080011e        0x0 c:/winavr-20080610/bin/../lib/gcc/avr/4.3.0/../../../../avr/lib/avr5\libc.a(strnlen.o)
 .data          0x0080011e        0x0 c:/winavr-20080610/bin/../lib/gcc/avr/4.3.0/../../../../avr/lib/avr5\libc.a(fputc.o)
 .data          0x0080011e        0x0 c:/winavr-20080610/bin/../lib/gcc/avr/4.3.0/../../../../avr/lib/avr5\libc.a(ultoa_invert.o)
 .data          0x0080011e        0x0 c:/winavr-20080610/bin/../lib/gcc/avr/4.3.0/avr5\libgcc.a(_prologue.o)
 .data          0x0080011e        0x0 c:/winavr-20080610/bin/../lib/gcc/avr/4.3.0/avr5\libgcc.a(_epilogue.o)
 *(.data*)
 *(.rodata)
 *(.rodata*)
 *(.gnu.linkonce.d*)
                0x0080011e                . = ALIGN (0x2)
                0x0080011e                _edata = .
                0x0080011e                PROVIDE (__data_end, .)

.bss            0x0080011e      0x200 load address 0x00001ebe
                0x0080011e                PROVIDE (__bss_start, .)
 *(.bss)
 .bss           0x0080011e        0x0 c:/winavr-20080610/bin/../lib/gcc/avr/4.3.0/../../../../avr/lib/avr5/crtm168p.o
 .bss           0x0080011e       0x29 adc.o
 .bss           0x00800147      0x151 comms.o
 .bss           0x00800298        0x0 fifo.o
 .bss           0x00800298        0x0 io_pins.o
 .bss           0x00800298        0x0 main.o
 .bss           0x00800298        0x0 module.o
 .bss           0x00800298        0x0 packet_scan.o
 .bss           0x00800298        0x0 timer.o
 .bss           0x00800298        0x0 uart.o
 .bss           0x00800298        0x0 c:/winavr-20080610/bin/../lib/gcc/avr/4.3.0/avr5\libgcc.a(_exit.o)
 .bss           0x00800298        0x0 c:/winavr-20080610/bin/../lib/gcc/avr/4.3.0/avr5\libgcc.a(_copy_data.o)
 .bss           0x00800298        0x0 c:/winavr-20080610/bin/../lib/gcc/avr/4.3.0/avr5\libgcc.a(_clear_bss.o)
 .bss           0x00800298        0x0 c:/winavr-20080610/bin/../lib/gcc/avr/4.3.0/../../../../avr/lib/avr5\libc.a(iob.o)
 .bss           0x00800298        0x0 c:/winavr-20080610/bin/../lib/gcc/avr/4.3.0/../../../../avr/lib/avr5\libc.a(vprintf.o)
 .bss           0x00800298        0x0 c:/winavr-20080610/bin/../lib/gcc/avr/4.3.0/../../../../avr/lib/avr5\libc.a(vfprintf_std.o)
 .bss           0x00800298        0x0 c:/winavr-20080610/bin/../lib/gcc/avr/4.3.0/../../../../avr/lib/avr5\libc.a(strnlen_P.o)
 .bss           0x00800298        0x0 c:/winavr-20080610/bin/../lib/gcc/avr/4.3.0/../../../../avr/lib/avr5\libc.a(strnlen.o)
 .bss           0x00800298        0x0 c:/winavr-20080610/bin/../lib/gcc/avr/4.3.0/../../../../avr/lib/avr5\libc.a(fputc.o)
 .bss           0x00800298        0x0 c:/winavr-20080610/bin/../lib/gcc/avr/4.3.0/../../../../avr/lib/avr5\libc.a(ultoa_invert.o)
 .bss           0x00800298        0x0 c:/winavr-20080610/bin/../lib/gcc/avr/4.3.0/avr5\libgcc.a(_prologue.o)
 .bss           0x00800298        0x0 c:/winavr-20080610/bin/../lib/gcc/avr/4.3.0/avr5\libgcc.a(_epilogue.o)
 *(.bss*)
 *(COMMON)
 COMMON         0x00800298       0x22 adc.o
                0x00800298                adc_z_buffer_packed
                0x008002b7                adc_z_new
                0x008002b9                adc_z_want_update
 COMMON         0x008002ba       0x5c comms.o
                0x008002ba                module_id
                0x008002bb                payload_stream
                0x008002d5                temp_payload_buffer_count
                0x008002d6                temp_payload_buffer
 COMMON         0x00800316        0x2 uart.o
                0x00800316                sent_etx_token
                0x00800317                uart0_tx_idle
 COMMON         0x00800318        0x6 c:/winavr-20080610/bin/../lib/gcc/avr/4.3.0/../../../../avr/lib/avr5\libc.a(iob.o)
                0x00800318                __iob
                0x0080031e                PROVIDE (__bss_end, .)
                0x00001ea0                __data_load_start = LOADADDR (.data)
                0x00001ebe                __data_load_end = (__data_load_start + SIZEOF (.data))

.noinit         0x0080031e        0x0
                0x0080031e                PROVIDE (__noinit_start, .)
 *(.noinit*)
                0x0080031e                PROVIDE (__noinit_end, .)
                0x0080031e                _end = .
                0x0080031e                PROVIDE (__heap_start, .)

.eeprom         0x00810000        0x0
 *(.eeprom*)
                0x00810000                __eeprom_end = .

.fuse
 *(.fuse)
 *(.lfuse)
 *(.hfuse)
 *(.efuse)

.lock
 *(.lock*)

.signature
 *(.signature*)

.stab
 *(.stab)

.stabstr
 *(.stabstr)

.stab.excl
 *(.stab.excl)

.stab.exclstr
 *(.stab.exclstr)

.stab.index
 *(.stab.index)

.stab.indexstr
 *(.stab.indexstr)

.comment
 *(.comment)

.debug
 *(.debug)

.line
 *(.line)

.debug_srcinfo
 *(.debug_srcinfo)

.debug_sfnames
 *(.debug_sfnames)

.debug_aranges  0x00000000      0x120
 *(.debug_aranges)
 .debug_aranges
                0x00000000       0x20 adc.o
 .debug_aranges
                0x00000020       0x20 comms.o
 .debug_aranges
                0x00000040       0x20 fifo.o
 .debug_aranges
                0x00000060       0x20 io_pins.o
 .debug_aranges
                0x00000080       0x20 main.o
 .debug_aranges
                0x000000a0       0x20 module.o
 .debug_aranges
                0x000000c0       0x20 packet_scan.o
 .debug_aranges
                0x000000e0       0x20 timer.o
 .debug_aranges
                0x00000100       0x20 uart.o

.debug_pubnames
                0x00000000      0x412
 *(.debug_pubnames)
 .debug_pubnames
                0x00000000       0x95 adc.o
 .debug_pubnames
                0x00000095      0x19c comms.o
 .debug_pubnames
                0x00000231       0x45 fifo.o
 .debug_pubnames
                0x00000276       0x75 io_pins.o
 .debug_pubnames
                0x000002eb       0x1b main.o
 .debug_pubnames
                0x00000306       0x3a module.o
 .debug_pubnames
                0x00000340       0x38 packet_scan.o
 .debug_pubnames
                0x00000378       0x33 timer.o
 .debug_pubnames
                0x000003ab       0x67 uart.o

.debug_info     0x00000000     0x11ba
 *(.debug_info)
 .debug_info    0x00000000      0x191 adc.o
 .debug_info    0x00000191      0x81c comms.o
 .debug_info    0x000009ad      0x16c fifo.o
 .debug_info    0x00000b19       0xea io_pins.o
 .debug_info    0x00000c03       0xa0 main.o
 .debug_info    0x00000ca3      0x141 module.o
 .debug_info    0x00000de4       0xf9 packet_scan.o
 .debug_info    0x00000edd       0x93 timer.o
 .debug_info    0x00000f70      0x24a uart.o
 *(.gnu.linkonce.wi.*)

.debug_abbrev   0x00000000      0x6b0
 *(.debug_abbrev)
 .debug_abbrev  0x00000000       0xd6 adc.o
 .debug_abbrev  0x000000d6      0x1b8 comms.o
 .debug_abbrev  0x0000028e       0xa2 fifo.o
 .debug_abbrev  0x00000330       0x70 io_pins.o
 .debug_abbrev  0x000003a0       0x64 main.o
 .debug_abbrev  0x00000404       0xcc module.o
 .debug_abbrev  0x000004d0       0x9f packet_scan.o
 .debug_abbrev  0x0000056f       0x52 timer.o
 .debug_abbrev  0x000005c1       0xef uart.o

.debug_line     0x00000000     0x122f
 *(.debug_line)
 .debug_line    0x00000000      0x189 adc.o
 .debug_line    0x00000189      0x924 comms.o
 .debug_line    0x00000aad       0xe4 fifo.o
 .debug_line    0x00000b91      0x10d io_pins.o
 .debug_line    0x00000c9e       0xab main.o
 .debug_line    0x00000d49      0x1d0 module.o
 .debug_line    0x00000f19       0xbb packet_scan.o
 .debug_line    0x00000fd4       0x99 timer.o
 .debug_line    0x0000106d      0x1c2 uart.o

.debug_frame    0x00000000      0x350
 *(.debug_frame)
 .debug_frame   0x00000000       0x60 adc.o
 .debug_frame   0x00000060      0x130 comms.o
 .debug_frame   0x00000190       0x40 fifo.o
 .debug_frame   0x000001d0       0x60 io_pins.o
 .debug_frame   0x00000230       0x20 main.o
 .debug_frame   0x00000250       0x50 module.o
 .debug_frame   0x000002a0       0x30 packet_scan.o
 .debug_frame   0x000002d0       0x30 timer.o
 .debug_frame   0x00000300       0x50 uart.o

.debug_str      0x00000000      0x6e5
 *(.debug_str)
 .debug_str     0x00000000      0x139 adc.o
                                0x178 (size before relaxing)
 .debug_str     0x00000139      0x3ed comms.o
                                0x521 (size before relaxing)
 .debug_str     0x00000526       0x44 fifo.o
                                0x10a (size before relaxing)
 .debug_str     0x0000056a       0x6a io_pins.o
                                0x12c (size before relaxing)
 .debug_str     0x000005d4       0x11 main.o
                                 0xe5 (size before relaxing)
 .debug_str     0x000005e5       0x59 module.o
                                0x12f (size before relaxing)
 .debug_str     0x0000063e       0x25 packet_scan.o
                                0x11d (size before relaxing)
 .debug_str     0x00000663       0x26 timer.o
                                 0xde (size before relaxing)
 .debug_str     0x00000689       0x5c uart.o
                                0x261 (size before relaxing)

.debug_loc
 *(.debug_loc)

.debug_macinfo
 *(.debug_macinfo)
OUTPUT(hisCode.elf elf32-avr)
LOAD linker stubs
